LTspice 24.0.12 for Windows
Circuit: * C:\Project\Working\HV\References\Simulation files\Simulation files\HV_Reg_Positive.asc
Start Time: Tue Dec 10 08:31:59 2024
Warning: Multiple definitions of model "fds4465" Type: Vdmos1
Warning: Multiple definitions of model "rsq035p03" Type: Vdmos1
Warning: Multiple definitions of model "bsc050ne2ls" Type: Vdmos1
Warning: Multiple definitions of model "spa11n60c3" Type: Vdmos1
Warning: Multiple definitions of model "fds6680" Type: Vdmos1
Warning: Multiple definitions of model "fds6680a" Type: Vdmos1
Warning: Multiple definitions of model "fdb33n25" Type: Vdmos1
Warning: Multiple definitions of model "fdmc8462" Type: Vdmos1
Warning: Multiple definitions of model "2n7002" Type: Vdmos1
Warning: Multiple definitions of model "irf9640" Type: Vdmos1
Warning: Multiple definitions of model "rjk0651dpb" Type: Vdmos1
Warning: Multiple definitions of model "irfh5204" Type: Vdmos1
Warning: Multiple definitions of model "irfh5110" Type: Vdmos1
Warning: Multiple definitions of model "irfh5007" Type: Vdmos1
Warning: Multiple definitions of model "irlh5036" Type: Vdmos1
Warning: Multiple definitions of model "irlh5030" Type: Vdmos1
Warning: Multiple definitions of model "irfz48z" Type: Vdmos1
Warning: Multiple definitions of model "irfz48n" Type: Vdmos1
Warning: Multiple definitions of model "irfz46z" Type: Vdmos1
Warning: Multiple definitions of model "irfz46ns" Type: Vdmos1
Warning: Multiple definitions of model "irfz46nl" Type: Vdmos1
Warning: Multiple definitions of model "irfz46n" Type: Vdmos1
Warning: Multiple definitions of model "irfz44v" Type: Vdmos1
Warning: Multiple definitions of model "irfz44n" Type: Vdmos1
Warning: Multiple definitions of model "irfr2905z" Type: Vdmos1
Warning: Multiple definitions of model "irfr2607z" Type: Vdmos1
Warning: Multiple definitions of model "irfr2307z" Type: Vdmos1
Warning: Multiple definitions of model "irfr120z" Type: Vdmos1
Warning: Multiple definitions of model "irfp250n" Type: Vdmos1
Warning: Multiple definitions of model "irfp054v" Type: Vdmos1
Warning: Multiple definitions of model "irfh5220" Type: Vdmos1
Warning: Multiple definitions of model "irfh5215" Type: Vdmos1
Warning: Multiple definitions of model "irfh5053" Type: Vdmos1
Warning: Multiple definitions of model "irfh5020" Type: Vdmos1
Warning: Multiple definitions of model "irfh5015" Type: Vdmos1
Warning: Multiple definitions of model "irfs4010" Type: Vdmos1
Warning: Multiple definitions of model "irf2805" Type: Vdmos1
Warning: Multiple definitions of model "irfh5004" Type: Vdmos1
Warning: Multiple definitions of model "irfb4410z" Type: Vdmos1
Warning: Multiple definitions of model "irf2804s" Type: Vdmos1
Warning: Multiple definitions of model "irf2804" Type: Vdmos1
Warning: Multiple definitions of model "irf2204s" Type: Vdmos1
Warning: Multiple definitions of model "irf2204" Type: Vdmos1
Warning: Multiple definitions of model "irf1503" Type: Vdmos1
Warning: Multiple definitions of model "irf1503s" Type: Vdmos1
Warning: Multiple definitions of model "irf1407" Type: Vdmos1
Warning: Multiple definitions of model "irf1404z" Type: Vdmos1
Warning: Multiple definitions of model "irf1404" Type: Vdmos1
Warning: Multiple definitions of model "irf1302" Type: Vdmos1
Warning: Multiple definitions of model "irf1010n" Type: Vdmos1
Warning: Multiple definitions of model "irf1010ez" Type: Vdmos1
Warning: Multiple definitions of model "irf1010e" Type: Vdmos1
Warning: Multiple definitions of model "fdb8030l" Type: Vdmos1
Warning: Multiple definitions of model "sir158dp" Type: Vdmos1
Warning: Multiple definitions of model "irf2907z" Type: Vdmos1
Warning: Multiple definitions of model "irf2903zs" Type: Vdmos1
Warning: Multiple definitions of model "irf2807z" Type: Vdmos1
Warning: Multiple definitions of model "irf2807" Type: Vdmos1
Warning: Multiple definitions of model "irlml0040" Type: Vdmos1
Warning: Multiple definitions of model "irf2805s" Type: Vdmos1
Warning: Multiple definitions of model "irlml6244" Type: Vdmos1
Warning: Multiple definitions of model "irf6201" Type: Vdmos1
Warning: Multiple definitions of model "irlr3802" Type: Vdmos1
Warning: Multiple definitions of model "irlr2908" Type: Vdmos1
Warning: Multiple definitions of model "irlml2803" Type: Vdmos1
Warning: Multiple definitions of model "irl530ns_l" Type: Vdmos1
Warning: Multiple definitions of model "irl3915" Type: Vdmos1
Warning: Multiple definitions of model "irfp90n20d" Type: Vdmos1
Warning: Multiple definitions of model "irfp4668" Type: Vdmos1
Warning: Multiple definitions of model "irfp2907" Type: Vdmos1
Warning: Multiple definitions of model "irfl4310" Type: Vdmos1
Warning: Multiple definitions of model "irfl014" Type: Vdmos1
Warning: Multiple definitions of model "irf9z24s_l" Type: Vdmos1
Warning: Multiple definitions of model "irf9410" Type: Vdmos1
Warning: Multiple definitions of model "irf8910" Type: Vdmos1
Warning: Multiple definitions of model "irf8721" Type: Vdmos1
Warning: Multiple definitions of model "irf7832" Type: Vdmos1
Warning: Multiple definitions of model "irf7831" Type: Vdmos1
Warning: Multiple definitions of model "irf7822" Type: Vdmos1
Warning: Multiple definitions of model "irf7821" Type: Vdmos1
Warning: Multiple definitions of model "irf7811av" Type: Vdmos1
Warning: Multiple definitions of model "irf7811" Type: Vdmos1
Warning: Multiple definitions of model "irf7809a" Type: Vdmos1
Warning: Multiple definitions of model "irf7807" Type: Vdmos1
Warning: Multiple definitions of model "irf7805zpbf" Type: Vdmos1
Warning: Multiple definitions of model "irf7805" Type: Vdmos1
Warning: Multiple definitions of model "irf7468" Type: Vdmos1
Warning: Multiple definitions of model "irf7456" Type: Vdmos1
Warning: Multiple definitions of model "irf7455" Type: Vdmos1
Warning: Multiple definitions of model "irf7413zpbf" Type: Vdmos1
Warning: Multiple definitions of model "irf7413a" Type: Vdmos1
Warning: Multiple definitions of model "irf7413" Type: Vdmos1
Warning: Multiple definitions of model "irf7406" Type: Vdmos1
Warning: Multiple definitions of model "irf7404" Type: Vdmos1
Warning: Multiple definitions of model "irf7403" Type: Vdmos1
Warning: Multiple definitions of model "irf7401" Type: Vdmos1
Warning: Multiple definitions of model "irf7343p" Type: Vdmos1
Warning: Multiple definitions of model "irf7343n" Type: Vdmos1
Warning: Multiple definitions of model "irf7335" Type: Vdmos1
Warning: Multiple definitions of model "irf7309p" Type: Vdmos1
Warning: Multiple definitions of model "irf7309n" Type: Vdmos1
Warning: Multiple definitions of model "irf7303" Type: Vdmos1
Warning: Multiple definitions of model "irf7233" Type: Vdmos1
Warning: Multiple definitions of model "irf7220" Type: Vdmos1
Warning: Multiple definitions of model "irf7210" Type: Vdmos1
Warning: Multiple definitions of model "irf7207" Type: Vdmos1
Warning: Multiple definitions of model "irf7205" Type: Vdmos1
Warning: Multiple definitions of model "irf7204" Type: Vdmos1
Warning: Multiple definitions of model "irf7201" Type: Vdmos1
Warning: Multiple definitions of model "irf6691" Type: Vdmos1
Warning: Multiple definitions of model "irf6644" Type: Vdmos1
Warning: Multiple definitions of model "irf6635" Type: Vdmos1
Warning: Multiple definitions of model "irf6629pbf" Type: Vdmos1
Warning: Multiple definitions of model "irf6623" Type: Vdmos1
Warning: Multiple definitions of model "irf6620" Type: Vdmos1
Warning: Multiple definitions of model "irf6618" Type: Vdmos1
Warning: Multiple definitions of model "irf6617" Type: Vdmos1
Warning: Multiple definitions of model "irf6609" Type: Vdmos1
Warning: Multiple definitions of model "irf6607" Type: Vdmos1
Warning: Multiple definitions of model "irf530" Type: Vdmos1
Warning: Multiple definitions of model "irf510" Type: Vdmos1
Warning: Multiple definitions of model "irf3717" Type: Vdmos1
Warning: Multiple definitions of model "irf1405" Type: Vdmos1
Warning: Multiple definitions of model "irf1312s" Type: Vdmos1
Warning: Multiple definitions of model "irf1310" Type: Vdmos1
Warning: Multiple definitions of model "si7137dp" Type: Vdmos1
Warning: Multiple definitions of model "irfp240" Type: Vdmos1
Warning: Multiple definitions of model "irfp9240" Type: Vdmos1
Warning: Multiple definitions of model "upa1707" Type: Vdmos1
Warning: Multiple definitions of model "upa1706" Type: Vdmos1
Warning: Multiple definitions of model "zxm62p02e6" Type: Vdmos1
Warning: Multiple definitions of model "si9936dy" Type: Vdmos1
Warning: Multiple definitions of model "si9804dy" Type: Vdmos1
Warning: Multiple definitions of model "si9803dy" Type: Vdmos1
Warning: Multiple definitions of model "si9436dy" Type: Vdmos1
Warning: Multiple definitions of model "si9435dy" Type: Vdmos1
Warning: Multiple definitions of model "si9434dy" Type: Vdmos1
Warning: Multiple definitions of model "si9434bdy" Type: Vdmos1
Warning: Multiple definitions of model "si9433dy" Type: Vdmos1
Warning: Multiple definitions of model "si9428dy" Type: Vdmos1
Warning: Multiple definitions of model "si9426dy" Type: Vdmos1
Warning: Multiple definitions of model "si9424dy" Type: Vdmos1
Warning: Multiple definitions of model "si9420dy" Type: Vdmos1
Warning: Multiple definitions of model "si9410dy" Type: Vdmos1
Warning: Multiple definitions of model "si9407aey" Type: Vdmos1
Warning: Multiple definitions of model "si9400dy" Type: Vdmos1
Warning: Multiple definitions of model "si7998dp_2" Type: Vdmos1
Warning: Multiple definitions of model "si7998dp_1" Type: Vdmos1
Warning: Multiple definitions of model "si7942dp" Type: Vdmos1
Warning: Multiple definitions of model "si7884dp" Type: Vdmos1
Warning: Multiple definitions of model "si7868dp" Type: Vdmos1
Warning: Multiple definitions of model "si7866dp" Type: Vdmos1
Warning: Multiple definitions of model "si7852dp" Type: Vdmos1
Warning: Multiple definitions of model "si7850dp" Type: Vdmos1
Warning: Multiple definitions of model "si7810dn" Type: Vdmos1
Warning: Multiple definitions of model "si7802dn" Type: Vdmos1
Warning: Multiple definitions of model "si7686dp" Type: Vdmos1
Warning: Multiple definitions of model "si7540dp_p" Type: Vdmos1
Warning: Multiple definitions of model "si7540dp_n" Type: Vdmos1
Warning: Multiple definitions of model "si7469dp" Type: Vdmos1
Warning: Multiple definitions of model "si7465dp" Type: Vdmos1
Warning: Multiple definitions of model "si7409dn" Type: Vdmos1
Warning: Multiple definitions of model "si7386dp" Type: Vdmos1
Warning: Multiple definitions of model "si7370dp" Type: Vdmos1
Warning: Multiple definitions of model "si7368dp" Type: Vdmos1
Warning: Multiple definitions of model "si7234dp" Type: Vdmos1
Warning: Multiple definitions of model "si7224dn_2" Type: Vdmos1
Warning: Multiple definitions of model "si7224dn_1" Type: Vdmos1
Warning: Multiple definitions of model "si7218dn" Type: Vdmos1
Warning: Multiple definitions of model "si7106dn" Type: Vdmos1
Warning: Multiple definitions of model "si5515_p" Type: Vdmos1
Warning: Multiple definitions of model "si5515_n" Type: Vdmos1
Warning: Multiple definitions of model "si4982dy" Type: Vdmos1
Warning: Multiple definitions of model "si4980dy" Type: Vdmos1
Warning: Multiple definitions of model "si4940dy" Type: Vdmos1
Warning: Multiple definitions of model "si4920dy" Type: Vdmos1
Warning: Multiple definitions of model "si4913dy" Type: Vdmos1
Warning: Multiple definitions of model "si4896dy" Type: Vdmos1
Warning: Multiple definitions of model "si4894dy" Type: Vdmos1
Warning: Multiple definitions of model "si4892dy" Type: Vdmos1
Warning: Multiple definitions of model "si4890dy" Type: Vdmos1
Warning: Multiple definitions of model "si4888dy" Type: Vdmos1
Warning: Multiple definitions of model "si4886dy" Type: Vdmos1
Warning: Multiple definitions of model "si4884dy" Type: Vdmos1
Warning: Multiple definitions of model "si4882dy" Type: Vdmos1
Warning: Multiple definitions of model "si4876dy" Type: Vdmos1
Warning: Multiple definitions of model "si4874dy" Type: Vdmos1
Warning: Multiple definitions of model "si4872dy" Type: Vdmos1
Warning: Multiple definitions of model "si4866dy" Type: Vdmos1
Warning: Multiple definitions of model "si4864dy" Type: Vdmos1
Warning: Multiple definitions of model "si4862dy" Type: Vdmos1
Warning: Multiple definitions of model "si4860dy" Type: Vdmos1
Warning: Multiple definitions of model "si4850ey" Type: Vdmos1
Warning: Multiple definitions of model "si4848dy" Type: Vdmos1
Warning: Multiple definitions of model "si4842dy" Type: Vdmos1
Warning: Multiple definitions of model "si4840dy" Type: Vdmos1
Warning: Multiple definitions of model "si4838dy" Type: Vdmos1
Warning: Multiple definitions of model "si4836dy" Type: Vdmos1
Warning: Multiple definitions of model "si4835dy" Type: Vdmos1
Warning: Multiple definitions of model "si4825dy" Type: Vdmos1
Warning: Multiple definitions of model "si4822dy" Type: Vdmos1
Warning: Multiple definitions of model "si4820dy" Type: Vdmos1
Warning: Multiple definitions of model "si4816bdy_2" Type: Vdmos1
Warning: Multiple definitions of model "si4816bdy_1" Type: Vdmos1
Warning: Multiple definitions of model "si4802dy" Type: Vdmos1
Warning: Multiple definitions of model "si4800dy" Type: Vdmos1
Warning: Multiple definitions of model "si4630dy" Type: Vdmos1
Warning: Multiple definitions of model "si4542dy_p" Type: Vdmos1
Warning: Multiple definitions of model "si4542dy_n" Type: Vdmos1
Warning: Multiple definitions of model "si4490dy" Type: Vdmos1
Warning: Multiple definitions of model "si4488dy" Type: Vdmos1
Warning: Multiple definitions of model "si4486ey" Type: Vdmos1
Warning: Multiple definitions of model "si4484ey" Type: Vdmos1
Warning: Multiple definitions of model "si4482dy" Type: Vdmos1
Warning: Multiple definitions of model "si4480dy" Type: Vdmos1
Warning: Multiple definitions of model "si4470dy" Type: Vdmos1
Warning: Multiple definitions of model "si4466dy" Type: Vdmos1
Warning: Multiple definitions of model "si4465dy" Type: Vdmos1
Warning: Multiple definitions of model "si4463dy" Type: Vdmos1
Warning: Multiple definitions of model "si4451dy" Type: Vdmos1
Warning: Multiple definitions of model "si4450dy" Type: Vdmos1
Warning: Multiple definitions of model "si4442dy" Type: Vdmos1
Warning: Multiple definitions of model "si4433dy" Type: Vdmos1
Warning: Multiple definitions of model "si4431dy" Type: Vdmos1
Warning: Multiple definitions of model "si4430dy" Type: Vdmos1
Warning: Multiple definitions of model "si4427dy" Type: Vdmos1
Warning: Multiple definitions of model "si4426dy" Type: Vdmos1
Warning: Multiple definitions of model "si4425dy" Type: Vdmos1
Warning: Multiple definitions of model "si4425bdy" Type: Vdmos1
Warning: Multiple definitions of model "si4420dy" Type: Vdmos1
Warning: Multiple definitions of model "si4416dy" Type: Vdmos1
Warning: Multiple definitions of model "si4412dy" Type: Vdmos1
Warning: Multiple definitions of model "si4410dy" Type: Vdmos1
Warning: Multiple definitions of model "si4408dy" Type: Vdmos1
Warning: Multiple definitions of model "si4404dy" Type: Vdmos1
Warning: Multiple definitions of model "si4403dy" Type: Vdmos1
Warning: Multiple definitions of model "si4401dy" Type: Vdmos1
Warning: Multiple definitions of model "si4364dy" Type: Vdmos1
Warning: Multiple definitions of model "si4362dy" Type: Vdmos1
Warning: Multiple definitions of model "si4336dy" Type: Vdmos1
Warning: Multiple definitions of model "si3460dv" Type: Vdmos1
Warning: Multiple definitions of model "si3440dv" Type: Vdmos1
Warning: Multiple definitions of model "si1555dl_p" Type: Vdmos1
Warning: Multiple definitions of model "si1555dl_n" Type: Vdmos1
Warning: Multiple definitions of model "si1013" Type: Vdmos1
Warning: Multiple definitions of model "sum75n06-09l" Type: Vdmos1
Warning: Multiple definitions of model "sud40n10-25" Type: Vdmos1
Warning: Multiple definitions of model "sud40n04-10a" Type: Vdmos1
Warning: Multiple definitions of model "stw11nm80" Type: Vdmos1
Warning: Multiple definitions of model "sts12nf30l" Type: Vdmos1
Warning: Multiple definitions of model "stp8nm60" Type: Vdmos1
Warning: Multiple definitions of model "std95n04" Type: Vdmos1
Warning: Multiple definitions of model "std30nf06l" Type: Vdmos1
Warning: Multiple definitions of model "stb120nf10" Type: Vdmos1
Warning: Multiple definitions of model "si7454dp" Type: Vdmos1
Warning: Multiple definitions of model "si4467dy" Type: Vdmos1
Warning: Multiple definitions of model "si3445dv" Type: Vdmos1
Warning: Multiple definitions of model "si3443dv" Type: Vdmos1
Warning: Multiple definitions of model "rjk0305dpb" Type: Vdmos1
Warning: Multiple definitions of model "rjk0301dpb" Type: Vdmos1
Warning: Multiple definitions of model "phm21nq15t" Type: Vdmos1
Warning: Multiple definitions of model "ph6325l" Type: Vdmos1
Warning: Multiple definitions of model "ph2625l" Type: Vdmos1
Warning: Multiple definitions of model "ntmd4n03r2" Type: Vdmos1
Warning: Multiple definitions of model "ntlms4504n" Type: Vdmos1
Warning: Multiple definitions of model "ntlms4502n" Type: Vdmos1
Warning: Multiple definitions of model "ntb52n10" Type: Vdmos1
Warning: Multiple definitions of model "nds9410a" Type: Vdmos1
Warning: Multiple definitions of model "ndc7002n" Type: Vdmos1
Warning: Multiple definitions of model "ixtk200n10p" Type: Vdmos1
Warning: Multiple definitions of model "ixfx90n30" Type: Vdmos1
Warning: Multiple definitions of model "irfh5104" Type: Vdmos1
Warning: Multiple definitions of model "irfh5406" Type: Vdmos1
Warning: Multiple definitions of model "irfh5207" Type: Vdmos1
Warning: Multiple definitions of model "irfh3707" Type: Vdmos1
Warning: Multiple definitions of model "irfh3702" Type: Vdmos1
Warning: Multiple definitions of model "irfhm831" Type: Vdmos1
Warning: Multiple definitions of model "irfhm830d" Type: Vdmos1
Warning: Multiple definitions of model "irfhm830" Type: Vdmos1
Warning: Multiple definitions of model "irlml6246" Type: Vdmos1
Warning: Multiple definitions of model "irlml6346" Type: Vdmos1
Warning: Multiple definitions of model "irlml6344" Type: Vdmos1
Warning: Multiple definitions of model "irlhs6376" Type: Vdmos1
Warning: Multiple definitions of model "irlhs6342" Type: Vdmos1
Warning: Multiple definitions of model "irlhs6242" Type: Vdmos1
Warning: Multiple definitions of model "irlhm630" Type: Vdmos1
Warning: Multiple definitions of model "irlhm620" Type: Vdmos1
Warning: Multiple definitions of model "irfh6200" Type: Vdmos1
Warning: Multiple definitions of model "irfh7936" Type: Vdmos1
Warning: Multiple definitions of model "irfh7932" Type: Vdmos1
Warning: Multiple definitions of model "irfh7921" Type: Vdmos1
Warning: Multiple definitions of model "irfh7914" Type: Vdmos1
Warning: Multiple definitions of model "irfml8244" Type: Vdmos1
Warning: Multiple definitions of model "irfhs8342" Type: Vdmos1
Warning: Multiple definitions of model "irfhs8242" Type: Vdmos1
Warning: Multiple definitions of model "irfh5255" Type: Vdmos1
Warning: Multiple definitions of model "irfh5302d" Type: Vdmos1
Warning: Multiple definitions of model "irfh5302" Type: Vdmos1
Warning: Multiple definitions of model "irfh5250" Type: Vdmos1
Warning: Multiple definitions of model "irfh5300" Type: Vdmos1
Warning: Multiple definitions of model "irfh5306" Type: Vdmos1
Warning: Multiple definitions of model "ipu135n08n3" Type: Vdmos1
Warning: Multiple definitions of model "ipu135n03l" Type: Vdmos1
Warning: Multiple definitions of model "ipu105n03l" Type: Vdmos1
Warning: Multiple definitions of model "ipu103n08n3" Type: Vdmos1
Warning: Multiple definitions of model "ipu090n03l" Type: Vdmos1
Warning: Multiple definitions of model "ipu075n03l" Type: Vdmos1
Warning: Multiple definitions of model "ipu060n03l" Type: Vdmos1
Warning: Multiple definitions of model "ipu050n03l" Type: Vdmos1
Warning: Multiple definitions of model "ipu039n03l" Type: Vdmos1
Warning: Multiple definitions of model "ips135n03l" Type: Vdmos1
Warning: Multiple definitions of model "ips12cn10l" Type: Vdmos1
Warning: Multiple definitions of model "ips110n12n3" Type: Vdmos1
Warning: Multiple definitions of model "ips105n03l" Type: Vdmos1
Warning: Multiple definitions of model "ips090n03l" Type: Vdmos1
Warning: Multiple definitions of model "ips075n03l" Type: Vdmos1
Warning: Multiple definitions of model "ips060n03l" Type: Vdmos1
Warning: Multiple definitions of model "ips050n03l" Type: Vdmos1
Warning: Multiple definitions of model "ips040n03l" Type: Vdmos1
Warning: Multiple definitions of model "ips031n03l" Type: Vdmos1
Warning: Multiple definitions of model "ipp600n25n3" Type: Vdmos1
Warning: Multiple definitions of model "ipp530n15n3" Type: Vdmos1
Warning: Multiple definitions of model "ipp320n20n3" Type: Vdmos1
Warning: Multiple definitions of model "ipp260n06n3" Type: Vdmos1
Warning: Multiple definitions of model "ipp230n06l3" Type: Vdmos1
Warning: Multiple definitions of model "ipp200n25n3" Type: Vdmos1
Warning: Multiple definitions of model "ipp200n15n3" Type: Vdmos1
Warning: Multiple definitions of model "ipp180n10n3" Type: Vdmos1
Warning: Multiple definitions of model "ipp16cn10l" Type: Vdmos1
Warning: Multiple definitions of model "ipp147n12n3" Type: Vdmos1
Warning: Multiple definitions of model "ipp147n03l" Type: Vdmos1
Warning: Multiple definitions of model "ipp139n08n3" Type: Vdmos1
Warning: Multiple definitions of model "ipp12cn10l" Type: Vdmos1
Warning: Multiple definitions of model "ipp126n10n3" Type: Vdmos1
Warning: Multiple definitions of model "ipp114n12n3" Type: Vdmos1
Warning: Multiple definitions of model "ipp114n03l" Type: Vdmos1
Warning: Multiple definitions of model "ipp111n15n3" Type: Vdmos1
Warning: Multiple definitions of model "ipp110n20n3" Type: Vdmos1
Warning: Multiple definitions of model "ipp100n08n3" Type: Vdmos1
Warning: Multiple definitions of model "ipp096n03l" Type: Vdmos1
Warning: Multiple definitions of model "ipp093n06n3" Type: Vdmos1
Warning: Multiple definitions of model "ipp08cn10l" Type: Vdmos1
Warning: Multiple definitions of model "ipp086n10n3" Type: Vdmos1
Warning: Multiple definitions of model "ipp084n06l3" Type: Vdmos1
Warning: Multiple definitions of model "ipp080n03l" Type: Vdmos1
Warning: Multiple definitions of model "ipp076n12n3" Type: Vdmos1
Warning: Multiple definitions of model "ipp075n15n3" Type: Vdmos1
Warning: Multiple definitions of model "ipp072n10n3" Type: Vdmos1
Warning: Multiple definitions of model "ipp070n08n3" Type: Vdmos1
Warning: Multiple definitions of model "ipp06cn10l" Type: Vdmos1
Warning: Multiple definitions of model "ipp065n04n" Type: Vdmos1
Warning: Multiple definitions of model "ipp065n03l" Type: Vdmos1
Warning: Multiple definitions of model "ipp05cn10l" Type: Vdmos1
Warning: Multiple definitions of model "ipp057n08n3" Type: Vdmos1
Warning: Multiple definitions of model "ipp057n06n3" Type: Vdmos1
Warning: Multiple definitions of model "ipp055n03l" Type: Vdmos1
Warning: Multiple definitions of model "ipp052ne7n3" Type: Vdmos1
Warning: Multiple definitions of model "ipp052n06l3" Type: Vdmos1
Warning: Multiple definitions of model "ipp048n12n3" Type: Vdmos1
Warning: Multiple definitions of model "ipp048n04n" Type: Vdmos1
Warning: Multiple definitions of model "ipp045n10n3" Type: Vdmos1
Warning: Multiple definitions of model "ipp042n03l" Type: Vdmos1
Warning: Multiple definitions of model "ipp041n12n3" Type: Vdmos1
Warning: Multiple definitions of model "ipp041n04n" Type: Vdmos1
Warning: Multiple definitions of model "ipp040n06n3" Type: Vdmos1
Warning: Multiple definitions of model "ipp039n04l" Type: Vdmos1
Warning: Multiple definitions of model "ipp037n08n3" Type: Vdmos1
Warning: Multiple definitions of model "ipp037n06l3" Type: Vdmos1
Warning: Multiple definitions of model "ipp034ne7n3" Type: Vdmos1
Warning: Multiple definitions of model "ipp034n03l" Type: Vdmos1
Warning: Multiple definitions of model "ipp032n06n3" Type: Vdmos1
Warning: Multiple definitions of model "ipp030n10n3" Type: Vdmos1
Warning: Multiple definitions of model "ipp028n08n3" Type: Vdmos1
Warning: Multiple definitions of model "ipp024n06n3" Type: Vdmos1
Warning: Multiple definitions of model "ipp023ne7n3" Type: Vdmos1
Warning: Multiple definitions of model "ipp023n04n" Type: Vdmos1
Warning: Multiple definitions of model "ipp015n04n" Type: Vdmos1
Warning: Multiple definitions of model "ipi600n25n3" Type: Vdmos1
Warning: Multiple definitions of model "ipi530n15n3" Type: Vdmos1
Warning: Multiple definitions of model "ipi320n20n3" Type: Vdmos1
Warning: Multiple definitions of model "ipi200n25n3" Type: Vdmos1
Warning: Multiple definitions of model "ipi200n15n3" Type: Vdmos1
Warning: Multiple definitions of model "ipi180n10n3" Type: Vdmos1
Warning: Multiple definitions of model "ipi147n12n3" Type: Vdmos1
Warning: Multiple definitions of model "ipi139n08n3" Type: Vdmos1
Warning: Multiple definitions of model "ipi126n10n3" Type: Vdmos1
Warning: Multiple definitions of model "ipi111n15n3" Type: Vdmos1
Warning: Multiple definitions of model "ipi110n20n3" Type: Vdmos1
Warning: Multiple definitions of model "ipi100n08n3" Type: Vdmos1
Warning: Multiple definitions of model "ipi086n10n3" Type: Vdmos1
Warning: Multiple definitions of model "ipi076n12n3" Type: Vdmos1
Warning: Multiple definitions of model "ipi075n15n3" Type: Vdmos1
Warning: Multiple definitions of model "ipi072n10n3" Type: Vdmos1
Warning: Multiple definitions of model "ipi070n08n3" Type: Vdmos1
Warning: Multiple definitions of model "ipi057n08n3" Type: Vdmos1
Warning: Multiple definitions of model "ipi052ne7n3" Type: Vdmos1
Warning: Multiple definitions of model "ipi045n10n3" Type: Vdmos1
Warning: Multiple definitions of model "ipi041n12n3" Type: Vdmos1
Warning: Multiple definitions of model "ipi040n06n3" Type: Vdmos1
Warning: Multiple definitions of model "ipi037n08n3" Type: Vdmos1
Warning: Multiple definitions of model "ipi037n06l3" Type: Vdmos1
Warning: Multiple definitions of model "ipi034ne7n3" Type: Vdmos1
Warning: Multiple definitions of model "ipi032n06n3" Type: Vdmos1
Warning: Multiple definitions of model "ipi030n10n3" Type: Vdmos1
Warning: Multiple definitions of model "ipi028n08n3" Type: Vdmos1
Warning: Multiple definitions of model "ipi024n06n3" Type: Vdmos1
Warning: Multiple definitions of model "ipi023ne7n3" Type: Vdmos1
Warning: Multiple definitions of model "ipf135n03l" Type: Vdmos1
Warning: Multiple definitions of model "ipf105n03l" Type: Vdmos1
Warning: Multiple definitions of model "ipf090n03l" Type: Vdmos1
Warning: Multiple definitions of model "ipf075n03l" Type: Vdmos1
Warning: Multiple definitions of model "ipf060n03l" Type: Vdmos1
Warning: Multiple definitions of model "ipf050n03l" Type: Vdmos1
Warning: Multiple definitions of model "ipf039n03l" Type: Vdmos1
Warning: Multiple definitions of model "ipd600n25n3" Type: Vdmos1
Warning: Multiple definitions of model "ipd530n15n3" Type: Vdmos1
Warning: Multiple definitions of model "ipd320n20n3" Type: Vdmos1
Warning: Multiple definitions of model "ipd250n06n3" Type: Vdmos1
Warning: Multiple definitions of model "ipd220n06l3" Type: Vdmos1
Warning: Multiple definitions of model "ipd200n15n3" Type: Vdmos1
Warning: Multiple definitions of model "ipd180n10n3" Type: Vdmos1
Warning: Multiple definitions of model "ipd160n04l" Type: Vdmos1
Warning: Multiple definitions of model "ipd135n08n3" Type: Vdmos1
Warning: Multiple definitions of model "ipd135n03l" Type: Vdmos1
Warning: Multiple definitions of model "ipd122n10n3" Type: Vdmos1
Warning: Multiple definitions of model "ipd110n12n3" Type: Vdmos1
Warning: Multiple definitions of model "ipd105n04l" Type: Vdmos1
Warning: Multiple definitions of model "ipd105n03l" Type: Vdmos1
Warning: Multiple definitions of model "ipd096n08n3" Type: Vdmos1
Warning: Multiple definitions of model "ipd090n03l" Type: Vdmos1
Warning: Multiple definitions of model "ipd088n06n3" Type: Vdmos1
Warning: Multiple definitions of model "ipd088n04l" Type: Vdmos1
Warning: Multiple definitions of model "ipd082n10n3" Type: Vdmos1
Warning: Multiple definitions of model "ipd079n06l3" Type: Vdmos1
Warning: Multiple definitions of model "ipd075n03l" Type: Vdmos1
Warning: Multiple definitions of model "ipd068n10n3" Type: Vdmos1
Warning: Multiple definitions of model "ipd060n03l" Type: Vdmos1
Warning: Multiple definitions of model "ipd053n08n3" Type: Vdmos1
Warning: Multiple definitions of model "ipd053n06n3" Type: Vdmos1
Warning: Multiple definitions of model "ipd050n03l" Type: Vdmos1
Warning: Multiple definitions of model "ipd048n06l3" Type: Vdmos1
Warning: Multiple definitions of model "ipd040n03l" Type: Vdmos1
Warning: Multiple definitions of model "ipd038n06n3" Type: Vdmos1
Warning: Multiple definitions of model "ipd038n04n" Type: Vdmos1
Warning: Multiple definitions of model "ipd036n04l" Type: Vdmos1
Warning: Multiple definitions of model "ipd035n06l3" Type: Vdmos1
Warning: Multiple definitions of model "ipd034n06n3" Type: Vdmos1
Warning: Multiple definitions of model "ipd031n06l3" Type: Vdmos1
Warning: Multiple definitions of model "ipd031n03m" Type: Vdmos1
Warning: Multiple definitions of model "ipd031n03l" Type: Vdmos1
Warning: Multiple definitions of model "ipb600n25n3" Type: Vdmos1
Warning: Multiple definitions of model "ipb530n15n3" Type: Vdmos1
Warning: Multiple definitions of model "ipb320n20n3" Type: Vdmos1
Warning: Multiple definitions of model "ipb260n06n3" Type: Vdmos1
Warning: Multiple definitions of model "ipb230n06l3" Type: Vdmos1
Warning: Multiple definitions of model "ipb200n25n3" Type: Vdmos1
Warning: Multiple definitions of model "ipb200n15n3" Type: Vdmos1
Warning: Multiple definitions of model "ipb147n03l" Type: Vdmos1
Warning: Multiple definitions of model "ipb144n12n3" Type: Vdmos1
Warning: Multiple definitions of model "ipb136n08n3" Type: Vdmos1
Warning: Multiple definitions of model "ipb123n10n3" Type: Vdmos1
Warning: Multiple definitions of model "ipb114n03l" Type: Vdmos1
Warning: Multiple definitions of model "ipb108n15n3" Type: Vdmos1
Warning: Multiple definitions of model "ipb107n20n3" Type: Vdmos1
Warning: Multiple definitions of model "ipb097n08n3" Type: Vdmos1
Warning: Multiple definitions of model "ipb096n03l" Type: Vdmos1
Warning: Multiple definitions of model "ipb093n04l" Type: Vdmos1
Warning: Multiple definitions of model "ipb090n06n3" Type: Vdmos1
Warning: Multiple definitions of model "ipb083n10n3" Type: Vdmos1
Warning: Multiple definitions of model "ipb081n06l3" Type: Vdmos1
Warning: Multiple definitions of model "ipb080n03l" Type: Vdmos1
Warning: Multiple definitions of model "ipb075n04l" Type: Vdmos1
Warning: Multiple definitions of model "ipb072n15n3" Type: Vdmos1
Warning: Multiple definitions of model "ipb067n08n3" Type: Vdmos1
Warning: Multiple definitions of model "ipb065n15n3" Type: Vdmos1
Warning: Multiple definitions of model "ipb065n03l" Type: Vdmos1
Warning: Multiple definitions of model "ipb055n03l" Type: Vdmos1
Warning: Multiple definitions of model "ipb054n08n3" Type: Vdmos1
Warning: Multiple definitions of model "ipb054n06n3" Type: Vdmos1
Warning: Multiple definitions of model "ipb052n04n" Type: Vdmos1
Warning: Multiple definitions of model "ipb049ne7n3" Type: Vdmos1
Warning: Multiple definitions of model "ipb049n06l3" Type: Vdmos1
Warning: Multiple definitions of model "ipb042n10n3" Type: Vdmos1
Warning: Multiple definitions of model "ipb042n03l" Type: Vdmos1
Warning: Multiple definitions of model "ipb041n04n" Type: Vdmos1
Warning: Multiple definitions of model "ipb039n10n3" Type: Vdmos1
Warning: Multiple definitions of model "ipb039n04l" Type: Vdmos1
Warning: Multiple definitions of model "ipb038n12n3" Type: Vdmos1
Warning: Multiple definitions of model "ipb037n06n3" Type: Vdmos1
Warning: Multiple definitions of model "ipb036n12n3" Type: Vdmos1
Warning: Multiple definitions of model "ipb035n08n3" Type: Vdmos1
Warning: Multiple definitions of model "ipb034n06n3" Type: Vdmos1
Warning: Multiple definitions of model "ipb034n06l3" Type: Vdmos1
Warning: Multiple definitions of model "ipb034n03l" Type: Vdmos1
Warning: Multiple definitions of model "ipb031ne7n3" Type: Vdmos1
Warning: Multiple definitions of model "ipb030n08n3" Type: Vdmos1
Warning: Multiple definitions of model "ipb029n06n3" Type: Vdmos1
Warning: Multiple definitions of model "ipb027n10n3" Type: Vdmos1
Warning: Multiple definitions of model "ipb025n10n3" Type: Vdmos1
Warning: Multiple definitions of model "ipb025n08n3" Type: Vdmos1
Warning: Multiple definitions of model "ipb023n06n3" Type: Vdmos1
Warning: Multiple definitions of model "ipb023n04n" Type: Vdmos1
Warning: Multiple definitions of model "ipb022n04l" Type: Vdmos1
Warning: Multiple definitions of model "ipb021n06n3" Type: Vdmos1
Warning: Multiple definitions of model "ipb020ne7n3" Type: Vdmos1
Warning: Multiple definitions of model "ipb020n04n" Type: Vdmos1
Warning: Multiple definitions of model "ipb019n08n3" Type: Vdmos1
Warning: Multiple definitions of model "ipb019n06l3" Type: Vdmos1
Warning: Multiple definitions of model "ipb017n06n3" Type: Vdmos1
Warning: Multiple definitions of model "ipb016n06l3" Type: Vdmos1
Warning: Multiple definitions of model "ipb015n04n" Type: Vdmos1
Warning: Multiple definitions of model "ipb015n04l" Type: Vdmos1
Warning: Multiple definitions of model "ipb011n04n" Type: Vdmos1
Warning: Multiple definitions of model "ipb011n04l" Type: Vdmos1
Warning: Multiple definitions of model "ipb009n03l" Type: Vdmos1
Warning: Multiple definitions of model "ipa180n10n3" Type: Vdmos1
Warning: Multiple definitions of model "ipa126n10n3" Type: Vdmos1
Warning: Multiple definitions of model "ipa105n15n3" Type: Vdmos1
Warning: Multiple definitions of model "ipa100n08n3" Type: Vdmos1
Warning: Multiple definitions of model "ipa093n06n3" Type: Vdmos1
Warning: Multiple definitions of model "ipa086n10n3" Type: Vdmos1
Warning: Multiple definitions of model "ipa057n08n3" Type: Vdmos1
Warning: Multiple definitions of model "ipa057n06n3" Type: Vdmos1
Warning: Multiple definitions of model "ipa045n10n3" Type: Vdmos1
Warning: Multiple definitions of model "ipa037n08n3" Type: Vdmos1
Warning: Multiple definitions of model "ipa032n06n3" Type: Vdmos1
Warning: Multiple definitions of model "ipa030n10n3" Type: Vdmos1
Warning: Multiple definitions of model "ipa028n08n3" Type: Vdmos1
Warning: Multiple definitions of model "hufa76413dk8t" Type: Vdmos1
Warning: Multiple definitions of model "hat2244wp" Type: Vdmos1
Warning: Multiple definitions of model "hat2168h" Type: Vdmos1
Warning: Multiple definitions of model "hat2167h" Type: Vdmos1
Warning: Multiple definitions of model "hat2166h" Type: Vdmos1
Warning: Multiple definitions of model "hat2165h" Type: Vdmos1
Warning: Multiple definitions of model "hat2164h" Type: Vdmos1
Warning: Multiple definitions of model "hat2160h" Type: Vdmos1
Warning: Multiple definitions of model "hat2044r" Type: Vdmos1
Warning: Multiple definitions of model "hat1072h" Type: Vdmos1
Warning: Multiple definitions of model "hat1023r" Type: Vdmos1
Warning: Multiple definitions of model "fqb11p06" Type: Vdmos1
Warning: Multiple definitions of model "fdz7064n" Type: Vdmos1
Warning: Multiple definitions of model "fdz5047n" Type: Vdmos1
Warning: Multiple definitions of model "fdw2503nz" Type: Vdmos1
Warning: Multiple definitions of model "fds9934_p" Type: Vdmos1
Warning: Multiple definitions of model "fds9934_n" Type: Vdmos1
Warning: Multiple definitions of model "fds9933a" Type: Vdmos1
Warning: Multiple definitions of model "fds8962c_p" Type: Vdmos1
Warning: Multiple definitions of model "fds8962c_n" Type: Vdmos1
Warning: Multiple definitions of model "fds6975" Type: Vdmos1
Warning: Multiple definitions of model "fds6961a" Type: Vdmos1
Warning: Multiple definitions of model "fds6930a" Type: Vdmos1
Warning: Multiple definitions of model "fds6912a" Type: Vdmos1
Warning: Multiple definitions of model "fds6912" Type: Vdmos1
Warning: Multiple definitions of model "fds6890a" Type: Vdmos1
Warning: Multiple definitions of model "fds6875" Type: Vdmos1
Warning: Multiple definitions of model "fds6699s" Type: Vdmos1
Warning: Multiple definitions of model "fds6690a" Type: Vdmos1
Warning: Multiple definitions of model "fds6685" Type: Vdmos1
Warning: Multiple definitions of model "fds6675" Type: Vdmos1
Warning: Multiple definitions of model "fds6670a" Type: Vdmos1
Warning: Multiple definitions of model "fds6630a" Type: Vdmos1
Warning: Multiple definitions of model "fds6614a" Type: Vdmos1
Warning: Multiple definitions of model "fds6612a" Type: Vdmos1
Warning: Multiple definitions of model "fds6576" Type: Vdmos1
Warning: Multiple definitions of model "fds6575" Type: Vdmos1
Warning: Multiple definitions of model "fds6574a" Type: Vdmos1
Warning: Multiple definitions of model "fds6570a" Type: Vdmos1
Warning: Multiple definitions of model "fds6375" Type: Vdmos1
Warning: Multiple definitions of model "fds6294" Type: Vdmos1
Warning: Multiple definitions of model "fds5690" Type: Vdmos1
Warning: Multiple definitions of model "fds5680" Type: Vdmos1
Warning: Multiple definitions of model "fds5670" Type: Vdmos1
Warning: Multiple definitions of model "fds4953" Type: Vdmos1
Warning: Multiple definitions of model "fds4885c_p" Type: Vdmos1
Warning: Multiple definitions of model "fds4885c_n" Type: Vdmos1
Warning: Multiple definitions of model "fds4685" Type: Vdmos1
Warning: Multiple definitions of model "fds4559_p" Type: Vdmos1
Warning: Multiple definitions of model "fds4559_n" Type: Vdmos1
Warning: Multiple definitions of model "fds4435a" Type: Vdmos1
Warning: Multiple definitions of model "fds4410" Type: Vdmos1
Warning: Multiple definitions of model "fds4072n3" Type: Vdmos1
Warning: Multiple definitions of model "fds3812" Type: Vdmos1
Warning: Multiple definitions of model "fds3580" Type: Vdmos1
Warning: Multiple definitions of model "fds3570" Type: Vdmos1
Warning: Multiple definitions of model "fds2734" Type: Vdmos1
Warning: Multiple definitions of model "fdr840p" Type: Vdmos1
Warning: Multiple definitions of model "fdr6580" Type: Vdmos1
Warning: Multiple definitions of model "fdr4420a" Type: Vdmos1
Warning: Multiple definitions of model "fdh210n08" Type: Vdmos1
Warning: Multiple definitions of model "fdc638p" Type: Vdmos1
Warning: Multiple definitions of model "fdc637an" Type: Vdmos1
Warning: Multiple definitions of model "fdc5614p" Type: Vdmos1
Warning: Multiple definitions of model "fdc2512" Type: Vdmos1
Warning: Multiple definitions of model "fdb2532" Type: Vdmos1
Warning: Multiple definitions of model "buk9219-55a" Type: Vdmos1
Warning: Multiple definitions of model "bsz900n20ns3" Type: Vdmos1
Warning: Multiple definitions of model "bsz900n15ns3" Type: Vdmos1
Warning: Multiple definitions of model "bsz520n15ns3" Type: Vdmos1
Warning: Multiple definitions of model "bsz440n10ns3" Type: Vdmos1
Warning: Multiple definitions of model "bsz42dn25ns3" Type: Vdmos1
Warning: Multiple definitions of model "bsz340n08ns3" Type: Vdmos1
Warning: Multiple definitions of model "bsz240n12ns3" Type: Vdmos1
Warning: Multiple definitions of model "bsz22dn20ns3" Type: Vdmos1
Warning: Multiple definitions of model "bsz16dn25ns3" Type: Vdmos1
Warning: Multiple definitions of model "bsz165n04ns" Type: Vdmos1
Warning: Multiple definitions of model "bsz160n10ns3" Type: Vdmos1
Warning: Multiple definitions of model "bsz130n03ms" Type: Vdmos1
Warning: Multiple definitions of model "bsz130n03ls" Type: Vdmos1
Warning: Multiple definitions of model "bsz12dn20ns3" Type: Vdmos1
Warning: Multiple definitions of model "bsz123n08ns3" Type: Vdmos1
Warning: Multiple definitions of model "bsz110n06ns3" Type: Vdmos1
Warning: Multiple definitions of model "bsz105n04ns" Type: Vdmos1
Warning: Multiple definitions of model "bsz100n06ls3" Type: Vdmos1
Warning: Multiple definitions of model "bsz100n03ms" Type: Vdmos1
Warning: Multiple definitions of model "bsz100n03ls" Type: Vdmos1
Warning: Multiple definitions of model "bsz097n04ls" Type: Vdmos1
Warning: Multiple definitions of model "bsz0920ns" Type: Vdmos1
Warning: Multiple definitions of model "bsz0905ns" Type: Vdmos1
Warning: Multiple definitions of model "bsz0904nsi" Type: Vdmos1
Warning: Multiple definitions of model "bsz0902nsi" Type: Vdmos1
Warning: Multiple definitions of model "bsz0902ns" Type: Vdmos1
Warning: Multiple definitions of model "bsz0901nsi" Type: Vdmos1
Warning: Multiple definitions of model "bsz0901ns" Type: Vdmos1
Warning: Multiple definitions of model "bsz088n03ms" Type: Vdmos1
Warning: Multiple definitions of model "bsz088n03ls" Type: Vdmos1
Warning: Multiple definitions of model "bsz076n06ns3" Type: Vdmos1
Warning: Multiple definitions of model "bsz067n06ls3" Type: Vdmos1
Warning: Multiple definitions of model "bsz065n03ls" Type: Vdmos1
Warning: Multiple definitions of model "bsz060ne2ls" Type: Vdmos1
Warning: Multiple definitions of model "bsz058n03ms" Type: Vdmos1
Warning: Multiple definitions of model "bsz058n03ls" Type: Vdmos1
Warning: Multiple definitions of model "bsz050n03ms" Type: Vdmos1
Warning: Multiple definitions of model "bsz050n03ls" Type: Vdmos1
Warning: Multiple definitions of model "bsz042n04ns" Type: Vdmos1
Warning: Multiple definitions of model "bsz040n04ls" Type: Vdmos1
Warning: Multiple definitions of model "bsz036ne2ls" Type: Vdmos1
Warning: Multiple definitions of model "bsz035n03ms" Type: Vdmos1
Warning: Multiple definitions of model "bsz035n03ls" Type: Vdmos1
Warning: Multiple definitions of model "bsz019n03ls" Type: Vdmos1
Warning: Multiple definitions of model "bsz018ne2ls" Type: Vdmos1
Warning: Multiple definitions of model "bss84" Type: Vdmos1
Warning: Multiple definitions of model "bss145" Type: Vdmos1
Warning: Multiple definitions of model "bss123" Type: Vdmos1
Warning: Multiple definitions of model "bso440n10ns3" Type: Vdmos1
Warning: Multiple definitions of model "bso350n08ns3" Type: Vdmos1
Warning: Multiple definitions of model "bso220n03ms" Type: Vdmos1
Warning: Multiple definitions of model "bso220n03md" Type: Vdmos1
Warning: Multiple definitions of model "bso180n10ns3" Type: Vdmos1
Warning: Multiple definitions of model "bso150n03md" Type: Vdmos1
Warning: Multiple definitions of model "bso140n08ns3" Type: Vdmos1
Warning: Multiple definitions of model "bso130n03ms" Type: Vdmos1
Warning: Multiple definitions of model "bso110n03ms" Type: Vdmos1
Warning: Multiple definitions of model "bso083n03ms" Type: Vdmos1
Warning: Multiple definitions of model "bso070n08ns3" Type: Vdmos1
Warning: Multiple definitions of model "bso065n03ms" Type: Vdmos1
Warning: Multiple definitions of model "bso051n03ms" Type: Vdmos1
Warning: Multiple definitions of model "bso040n03ms" Type: Vdmos1
Warning: Multiple definitions of model "bso033n03ms" Type: Vdmos1
Warning: Multiple definitions of model "bsh114" Type: Vdmos1
Warning: Multiple definitions of model "bsf885n03lq3" Type: Vdmos1
Warning: Multiple definitions of model "bsf050n03mq3" Type: Vdmos1
Warning: Multiple definitions of model "bsf050n03lq3" Type: Vdmos1
Warning: Multiple definitions of model "bsf045n03mq3" Type: Vdmos1
Warning: Multiple definitions of model "bsf045n03lq3" Type: Vdmos1
Warning: Multiple definitions of model "bsf030ne2lq" Type: Vdmos1
Warning: Multiple definitions of model "bsf024n03mt3" Type: Vdmos1
Warning: Multiple definitions of model "bsf024n03lt3" Type: Vdmos1
Warning: Multiple definitions of model "bsc900n20ns3" Type: Vdmos1
Warning: Multiple definitions of model "bsc750n10nd" Type: Vdmos1
Warning: Multiple definitions of model "bsc600n25ns3" Type: Vdmos1
Warning: Multiple definitions of model "bsc520n15ns3" Type: Vdmos1
Warning: Multiple definitions of model "bsc440n10ns3" Type: Vdmos1
Warning: Multiple definitions of model "bsc42dn25ns3" Type: Vdmos1
Warning: Multiple definitions of model "bsc360n15ns3" Type: Vdmos1
Warning: Multiple definitions of model "bsc340n08ns3" Type: Vdmos1
Warning: Multiple definitions of model "bsc320n20ns3" Type: Vdmos1
Warning: Multiple definitions of model "bsc265n10lsf" Type: Vdmos1
Warning: Multiple definitions of model "bsc252n10nsf" Type: Vdmos1
Warning: Multiple definitions of model "bsc240n12ns3" Type: Vdmos1
Warning: Multiple definitions of model "bsc22dn20ns3" Type: Vdmos1
Warning: Multiple definitions of model "bsc205n10ls" Type: Vdmos1
Warning: Multiple definitions of model "bsc196n10ns" Type: Vdmos1
Warning: Multiple definitions of model "bsc190n15ns3" Type: Vdmos1
Warning: Multiple definitions of model "bsc190n12ns3" Type: Vdmos1
Warning: Multiple definitions of model "bsc16dn25ns3" Type: Vdmos1
Warning: Multiple definitions of model "bsc160n10ns3" Type: Vdmos1
Warning: Multiple definitions of model "bsc159n10lsf" Type: Vdmos1
Warning: Multiple definitions of model "bsc152n10nsf" Type: Vdmos1
Warning: Multiple definitions of model "bsc150n03ld" Type: Vdmos1
Warning: Multiple definitions of model "bsc12dn20ns3" Type: Vdmos1
Warning: Multiple definitions of model "bsc123n10ls" Type: Vdmos1
Warning: Multiple definitions of model "bsc123n08ns3" Type: Vdmos1
Warning: Multiple definitions of model "bsc120n03ms" Type: Vdmos1
Warning: Multiple definitions of model "bsc120n03ls" Type: Vdmos1
Warning: Multiple definitions of model "bsc118n10ns" Type: Vdmos1
Warning: Multiple definitions of model "bsc110n06ns3" Type: Vdmos1
Warning: Multiple definitions of model "bsc105n10lsf" Type: Vdmos1
Warning: Multiple definitions of model "bsc100n10nsf" Type: Vdmos1
Warning: Multiple definitions of model "bsc100n06ls3" Type: Vdmos1
Warning: Multiple definitions of model "bsc100n03ms" Type: Vdmos1
Warning: Multiple definitions of model "bsc100n03ls" Type: Vdmos1
Warning: Multiple definitions of model "bsc093n04ls" Type: Vdmos1
Warning: Multiple definitions of model "bsc090n03ms" Type: Vdmos1
Warning: Multiple definitions of model "bsc090n03ls" Type: Vdmos1
Warning: Multiple definitions of model "bsc0906ns" Type: Vdmos1
Warning: Multiple definitions of model "bsc0904nsi" Type: Vdmos1
Warning: Multiple definitions of model "bsc0902nsi" Type: Vdmos1
Warning: Multiple definitions of model "bsc0902ns" Type: Vdmos1
Warning: Multiple definitions of model "bsc0901nsi" Type: Vdmos1
Warning: Multiple definitions of model "bsc0901ns" Type: Vdmos1
Warning: Multiple definitions of model "bsc082n10ls" Type: Vdmos1
Warning: Multiple definitions of model "bsc080n03ms" Type: Vdmos1
Warning: Multiple definitions of model "bsc080n03ls" Type: Vdmos1
Warning: Multiple definitions of model "bsc079n10ns" Type: Vdmos1
Warning: Multiple definitions of model "bsc077n12ns3" Type: Vdmos1
Warning: Multiple definitions of model "bsc076n06ns3" Type: Vdmos1
Warning: Multiple definitions of model "bsc072n03ld" Type: Vdmos1
Warning: Multiple definitions of model "bsc067n06ls3" Type: Vdmos1
Warning: Multiple definitions of model "bsc060n10ns3" Type: Vdmos1
Warning: Multiple definitions of model "bsc059n04ls" Type: Vdmos1
Warning: Multiple definitions of model "bsc057n08ns3" Type: Vdmos1
Warning: Multiple definitions of model "bsc057n03ms" Type: Vdmos1
Warning: Multiple definitions of model "bsc057n03ls" Type: Vdmos1
Warning: Multiple definitions of model "bsc054n04ns" Type: Vdmos1
Warning: Multiple definitions of model "bsc052n03ls" Type: Vdmos1
Warning: Multiple definitions of model "bsc050n04ls" Type: Vdmos1
Warning: Multiple definitions of model "bsc050n03ms" Type: Vdmos1
Warning: Multiple definitions of model "bsc050n03ls" Type: Vdmos1
Warning: Multiple definitions of model "bsc047n08ns3" Type: Vdmos1
Warning: Multiple definitions of model "bsc042ne7ns3" Type: Vdmos1
Warning: Multiple definitions of model "bsc042n03ms" Type: Vdmos1
Warning: Multiple definitions of model "bsc042n03ls" Type: Vdmos1
Warning: Multiple definitions of model "bsc035n04ls" Type: Vdmos1
Warning: Multiple definitions of model "bsc034n03ls" Type: Vdmos1
Warning: Multiple definitions of model "bsc032ne2ls" Type: Vdmos1
Warning: Multiple definitions of model "bsc031n06ns3" Type: Vdmos1
Warning: Multiple definitions of model "bsc030n04ns" Type: Vdmos1
Warning: Multiple definitions of model "bsc030n03ms" Type: Vdmos1
Warning: Multiple definitions of model "bsc030n03ls" Type: Vdmos1
Warning: Multiple definitions of model "bsc028n06ls3" Type: Vdmos1
Warning: Multiple definitions of model "bsc027n04ls" Type: Vdmos1
Warning: Multiple definitions of model "bsc025n03ms" Type: Vdmos1
Warning: Multiple definitions of model "bsc025n03ls" Type: Vdmos1
Warning: Multiple definitions of model "bsc024ne2ls" Type: Vdmos1
Warning: Multiple definitions of model "bsc020n03ms" Type: Vdmos1
Warning: Multiple definitions of model "bsc020n03ls" Type: Vdmos1
Warning: Multiple definitions of model "bsc019ne2lsi" Type: Vdmos1
Warning: Multiple definitions of model "bsc019n04ns" Type: Vdmos1
Warning: Multiple definitions of model "bsc018ne2ls" Type: Vdmos1
Warning: Multiple definitions of model "bsc018n04ls" Type: Vdmos1
Warning: Multiple definitions of model "bsc017n04ns" Type: Vdmos1
Warning: Multiple definitions of model "bsc016n04ls" Type: Vdmos1
Warning: Multiple definitions of model "bsc016n03ms" Type: Vdmos1
Warning: Multiple definitions of model "bsc016n03ls" Type: Vdmos1
Warning: Multiple definitions of model "bsc014n03ms" Type: Vdmos1
Warning: Multiple definitions of model "bsc014n03ls" Type: Vdmos1
Warning: Multiple definitions of model "bsc011n03ls" Type: Vdmos1
Warning: Multiple definitions of model "bsc010ne2lsi" Type: Vdmos1
Warning: Multiple definitions of model "bsc010ne2ls" Type: Vdmos1
Warning: Multiple definitions of model "bsb017n03mx3" Type: Vdmos1
Warning: Multiple definitions of model "bsb017n03lx3" Type: Vdmos1
Warning: Multiple definitions of model "bsb015n04nx3" Type: Vdmos1
Warning: Multiple definitions of model "bsb014n04lx3" Type: Vdmos1
Warning: Multiple definitions of model "bsb013ne2lxi" Type: Vdmos1
Warning: Multiple definitions of model "bsb012ne2lx" Type: Vdmos1
Warning: Multiple definitions of model "bsb012n03mx3" Type: Vdmos1
Warning: Multiple definitions of model "bsb012n03lx3" Type: Vdmos1
Warning: Multiple definitions of model "ap9465gem" Type: Vdmos1
Warning: Multiple definitions of model "ao6408" Type: Vdmos1
Warning: Multiple definitions of model "ao6407" Type: Vdmos1
Warning: Multiple definitions of model "2scr375p" Type: BJT
Warning: Multiple definitions of model "bc857b" Type: BJT
Warning: Multiple definitions of model "bc847c" Type: BJT
Warning: Multiple definitions of model "bc847b" Type: BJT
solver = Normal
Maximum thread count: 32
tnom = 27
temp = 27
method = modified trap
.OP point found by inspection.
Total elapsed time: 0.346 seconds.

