LTspice 24.0.12 for Windows
Circuit: * C:\Project\Working\HV\References\Simulation files\Simulation files\Laser_Driver2.asc
Start Time: Tue Aug 26 13:00:44 2025
solver = Normal
Maximum thread count: 32
tnom = 27
temp = 27
method = modified trap
Early termination of direct N-R iteration.
Direct Newton iteration failed to find .op point.  (Use ".option noopiter" to skip.)
Starting Gmin stepping
Gmin = 10
Gmin = 1.07374
vernier = 0.5
vernier = 0.25
vernier = 0.125
Gmin = 1.02385
vernier = 0.0625
vernier = 0.03125
vernier = 0.015625
Gmin = 1.01955
vernier = 0.0078125
vernier = 0.00390625
Gmin = 1.0126
vernier = 0.00195312
vernier = 0.00260417
vernier = 0.00130208
Gmin = 1.00915
vernier = 0.00173611
vernier = 0.000868055
Gmin = 1.00685
vernier = 0.00115741
vernier = 0.000578703
Gmin = 1.0054
vernier = 0.000771604
vernier = 0.000578703
vernier = 0.000771604
Gmin = 1.00409
vernier = 0.000578703
vernier = 0.000434027
vernier = 0.000578703
vernier = 0.000434027
Gmin = 1.00374
Gmin = 0
Gmin stepping failed

Starting source stepping with srcstepmethod=0
Source Step = 3.0303%
Source Step = 21.2595%
vernier = 0.00390625
Source Step = 21.2388%
Source Step = 21.2683%
Source Step = 21.2979%
Source Step = 21.3275%
Source Step = 21.3571%
vernier = 0.00146484
Source Step = 21.3941%
Source Step = 21.4385%
Source Step = 21.4829%
Source Step = 21.5273%
Source Step = 21.5717%
vernier = 0.00219727
Source Step = 21.6249%
Source Step = 21.6915%
Source Step = 21.7581%
Source Step = 21.8247%
Source Step = 21.8913%
vernier = 0.0032959
Source Step = 21.9678%
Source Step = 22.0677%
Source Step = 22.1676%
Source Step = 22.2675%
Source Step = 22.3674%
vernier = 0.00494385
Source Step = 22.4772%
Source Step = 22.627%
Source Step = 22.7768%
Source Step = 22.9267%
Source Step = 23.0765%
vernier = 0.00741577
Source Step = 23.2338%
Source Step = 23.4585%
Source Step = 23.6832%
Source Step = 23.9079%
Source Step = 24.1327%
Source Step = 24.3574%
vernier = 0.0111237
Source Step = 24.6945%
Source Step = 25.0315%
Source Step = 25.3686%
Source Step = 25.7057%
Source Step = 26.0428%
vernier = 0.0166855
Source Step = 26.5315%
Source Step = 27.0372%
Source Step = 27.5428%
Source Step = 28.0484%
Source Step = 28.554%
vernier = 0.0250282
Source Step = 29.2619%
Source Step = 30.0203%
Source Step = 30.7788%
Source Step = 31.5372%
Source Step = 32.2956%
vernier = 0.0375423
Source Step = 33.3195%
Source Step = 34.4571%
Source Step = 35.5948%
Source Step = 36.7324%
Source Step = 37.8701%
vernier = 0.0563135
Source Step = 39.349%
Source Step = 41.0555%
Source Step = 42.762%
Source Step = 44.4684%
Source Step = 46.1749%
vernier = 0.0844703
Source Step = 48.308%
Source Step = 50.8677%
Source Step = 53.4274%
Source Step = 55.9871%
Source Step = 58.5468%
vernier = 0.126705
Source Step = 61.6185%
Source Step = 65.458%
Source Step = 69.2976%
Source Step = 73.1371%
Source Step = 76.9767%
vernier = 0.190058
Source Step = 81.3922%
Source Step = 87.1515%
Source Step = 92.9109%
vernier = 0.0475145
Source Step = 92.4069%
Source Step = 92.4969%
Source Step = 92.5869%
Source Step = 92.6769%
Source Step = 92.7669%
Source Step = 92.8569%
Source Step = 92.9469%
Source Step = 93.0368%
Source Step = 93.1268%
Source Step = 93.2168%
Source Step = 93.3068%
Source Step = 93.3968%
Source Step = 93.4868%
Source Step = 93.5768%
Source Step = 93.6668%
Source Step = 93.7568%
Source Step = 93.8468%
Source Step = 93.9367%
Source Step = 94.0267%
Source Step = 94.1167%
Source Step = 94.2067%
Source Step = 94.2967%
Source Step = 94.3867%
Source Step = 94.4767%
Source Step = 94.5667%
Source Step = 94.6567%
Source Step = 94.7467%
Source Step = 94.8366%
Source Step = 94.9266%
Source Step = 95.0166%
Source Step = 95.1066%
Source Step = 95.1966%
Source Step = 95.2866%
Source Step = 95.3766%
Source Step = 95.4666%
Source Step = 95.5566%
Source Step = 95.6465%
Source Step = 95.7365%
Source Step = 95.8265%
Source Step = 95.9165%
Source Step = 96.0065%
Source Step = 96.0965%
Source Step = 96.1865%
Source Step = 96.2765%
Source Step = 96.3665%
Source Step = 96.4565%
Source Step = 96.5464%
Source Step = 96.6364%
Source Step = 96.7264%
Source Step = 96.8164%
Source Step = 96.9064%
Source Step = 96.9964%
Source Step = 97.0864%
Source Step = 97.1764%
Source Step = 97.2664%
Source Step = 97.3563%
Source Step = 97.4463%
Source Step = 97.5363%
Source Step = 97.6263%
Source Step = 97.7163%
Source Step = 97.8063%
Source Step = 97.8963%
Source Step = 97.9863%
Source Step = 98.0763%
Source Step = 98.1663%
Source Step = 98.2562%
Source Step = 98.3462%
Source Step = 98.4362%
Source Step = 98.5262%
Source Step = 98.6162%
Source Step = 98.7062%
Source Step = 98.7962%
Source Step = 98.8862%
Source Step = 98.9762%
Source Step = 99.0662%
Source Step = 99.1561%
Source Step = 99.2461%
Source Step = 99.3361%
Source Step = 99.4261%
Source Step = 99.5161%
Source Step = 99.6061%
Source Step = 99.6961%
Source Step = 99.7861%
Source Step = 99.8761%
Source Step = 99.966%
Source Step = 100%
Source Step = 100%
Source Step = 100%
Source Step = 100%
Source Step = 100%
Source Step = 100%
Source Step = 100%
Source Step = 100%
Source Step = 100%
Source Step = 100%
Source Step = 100%
Source Step = 100%
Source Step = 100%
Source Step = 100%
Source Step = 100%
Source Step = 100%
Source Step = 100%
Source Step = 100%
Source Step = 100%
Source Step = 100%
Source Step = 100%
Source Step = 100%
Source Step = 100%
Source Step = 100%
Source Step = 100%
Source Step = 100%
Source Step = 100%
Source Step = 100%
Source Step = 100%
Source Step = 100%
Source Step = 100%
Source Step = 100%
Source Step = 100%
Source Step = 100%
Source Step = 100%
Source Step = 100%
Source Step = 100%
Source Step = 100%
Source Step = 100%
Source Step = 100%
Source Step = 100%
Source Step = 100%
Source Step = 100%
Source Step = 100%
Source Step = 100%
Source Step = 100%
Source Step = 100%
Source Step = 100%
Source Step = 100%
Source Step = 100%
Source Step = 100%
Source Step = 100%
Source Step = 100%
Source Step = 100%
Source Step = 100%
Source Step = 100%
Source Step = 100%
Source Step = 100%
Source Step = 100%
Source Step = 100%
Source Step = 100%
Source Step = 100%
Source Step = 100%
Source Step = 100%
Source Step = 100%
Source Step = 100%
Source Step = 100%
Source Step = 100%
Source Step = 100%
Source Step = 100%
Source Step = 100%
Source Step = 100%
Source Step = 100%
Source Step = 100%
Source Step = 100%
Source Step = 100%
Source Step = 100%
Source Step = 100%
Source Step = 100%
Source Step = 100%
Source Step = 100%
Source Step = 100%
Source Step = 100%
Source Step = 100%
Source Step = 100%
Source Step = 100%
Source Step = 100%
Source Step = 100%
Source Step = 100%
Source Step = 100%
Source Step = 100%
Source Step = 100%
Source Step = 100%
Source Step = 100%
Source Step = 100%
Source Step = 100%
Source Step = 100%
Source Step = 100%
Source Step = 100%
Source Step = 100%
Source Step = 100%
Source Step = 100%
Source Step = 100%
Source Step = 100%
Source Step = 100%
Source Step = 100%
Source Step = 100%
Source Step = 100%
Source Step = 100%
Source Step = 100%
Source Step = 100%
Source Step = 100%
Source Step = 100%
Source Step = 100%
Source Step = 100%
Source Step = 100%
Source Step = 100%
Source Step = 100%
Source Step = 100%
Source Step = 100%
Source Step = 100%
Source Step = 100%
Source Step = 100%
Source Step = 100%
Source Step = 100%
Source Step = 100%
Source Step = 100%
Source Step = 100%
Source Step = 100%
Source Step = 100%
Source Step = 100%
Source Step = 100%
Source Step = 100%
Source Step = 100%
Source Step = 100%
Source Step = 100%
Source Step = 100%
Source Step = 100%
Source Step = 100%
Source Step = 100%
Source Step = 100%
Source Step = 100%
Source Step = 100%
Source Step = 100%
Source Step = 100%
Source Step = 100%
Source Step = 100%
Source Step = 100%
Source Step = 100%
Source Step = 100%
Source Step = 100%
Source Step = 100%
Source Step = 100%
Source Step = 100%
Source Step = 100%
Source Step = 100%
Source Step = 100%
Source Step = 100%
Source Step = 100%
Source Step = 100%
Source Step = 100%
Source Step = 100%
Source Step = 100%
Source Step = 100%
Source Step = 100%
Source Step = 100%
Source Step = 100%
Source Step = 100%
Source Step = 100%
Source Step = 100%
Source Step = 100%
Source Step = 100%
Source Step = 100%
Source Step = 100%
Source Step = 100%
Source Step = 100%
Source Step = 100%
Source Step = 100%
Source Step = 100%
Source Step = 100%
Source Step = 100%
Source Step = 100%
Source Step = 100%
Source Step = 100%
Source Step = 100%
Source Step = 100%
Source Step = 100%
Source Step = 100%
Source Step = 100%
Source Step = 100%
Source Step = 100%
Source Step = 100%
Source Step = 100%
Source Step = 100%
Source Step = 100%
Source Step = 100%
Source Step = 100%
Source Step = 100%
Source Step = 100%
Source Step = 100%
Source Step = 100%
Source Step = 100%
Source Step = 100%
Source Step = 100%
Source Step = 100%
Source Step = 100%
Source Step = 100%
Source Step = 100%
Source Step = 100%
Source Step = 100%
Source Step = 100%
Source Step = 100%
Source Step = 100%
Source Step = 100%
Source Step = 100%
Source Step = 100%
Source Step = 100%
Source Step = 100%
Source Step = 100%
Source Step = 100%
Source Step = 100%
Source Step = 100%
Source Step = 100%
Source Step = 100%
Source Step = 100%
Source Step = 100%
Source Step = 100%
Source Step = 100%
Source Step = 100%
Source Step = 100%
Source Step = 100%
Source Step = 100%
Source Step = 100%
Source Step = 100%
Source Step = 100%
Source Step = 100%
Source Step = 100%
Source Step = 100%
Source Step = 100%
Source Step = 100%
Source Step = 100%
Source Step = 100%
Source Step = 100%
Source Step = 100%
Source Step = 100%
Source Step = 100%
Source Step = 100%
Source Step = 100%
Source Step = 100%
Source Step = 100%
Source Step = 100%
Source Step = 100%
Source Step = 100%
Source Step = 100%
Source Step = 100%
Source Step = 100%
Source Step = 100%
Source Step = 100%
Source Step = 100%
Source Step = 100%
Source Step = 100%
Source Step = 100%
Source Step = 100%
Source Step = 100%
Source Step = 100%
Source Step = 100%
Source Step = 100%
Source Step = 100%
Source Step = 100%
Source Step = 100%
Source Step = 100%
Source Step = 100%
Source Step = 100%
Source Step = 100%
Source Step = 100%
Source Step = 100%
Source Step = 100%
Source Step = 100%
Source Step = 100%
Source Step = 100%
Source Step = 100%
Source Step = 100%
Source Step = 100%
Source Step = 100%
Source Step = 100%
Source Step = 100%
Source Step = 100%
Source Step = 100%
Source Step = 100%
Source Step = 100%
Source Step = 100%
Source Step = 100%
Source Step = 100%
Source Step = 100%
Source Step = 100%
Source Step = 100%
Source Step = 100%
Source Step = 100%
Source Step = 100%
Source Step = 100%
Source Step = 100%
Source Step = 100%
Source Step = 100%
Source Step = 100%
Source Step = 100%
Source Step = 100%
Source Step = 100%
Source Step = 100%
Source Step = 100%
Source Step = 100%
Source Step = 100%
Source Step = 100%
Source Step = 100%
Source Step = 100%
Source Step = 100%
Source Step = 100%
Source Step = 100%
Source Step = 100%
Source Step = 100%
Source Step = 100%
Source Step = 100%
Source Step = 100%
Source Step = 100%
Source Step = 100%
Source Step = 100%
Source Step = 100%
Source Step = 100%
Source Step = 100%
Source Step = 100%
Source Step = 100%
Source Step = 100%
Source Step = 100%
Source Step = 100%
Source Step = 100%
Source Step = 100%
Source Step = 100%
Source Step = 100%
Source Step = 100%
Source Step = 100%
Source Step = 100%
Source Step = 100%
Source Step = 100%
Source Step = 100%
Source Step = 100%
Source Step = 100%
Source Step = 100%
Source Step = 100%
Source Step = 100%
Source Step = 100%
Source Step = 100%
Source Step = 100%
Source Step = 100%
Source Step = 100%
Source Step = 100%
Source Step = 100%
Source Step = 100%
Source Step = 100%
Source Step = 100%
Source Step = 100%
Source Step = 100%
Source Step = 100%
Source Step = 100%
Source Step = 100%
Source Step = 100%
Source Step = 100%
Source Step = 100%
Source Step = 100%
Source Step = 100%
Source Step = 100%
Source Step = 100%
Source Step = 100%
Source Step = 100%
Source Step = 100%
Source Step = 100%
Source Step = 100%
Source Step = 100%
Source Step = 100%
Source Step = 100%
Source Step = 100%
Source Step = 100%
Source Step = 100%
Source Step = 100%
Source Step = 100%
Source Step = 100%
Source Step = 100%
Source Step = 100%
Source Step = 100%
Source Step = 100%
Source Step = 100%
Source Step = 100%
Source Step = 100%
Source Step = 100%
Source Step = 100%
Source Step = 100%
Source Step = 100%
Source Step = 100%
Source Step = 100%
Source Step = 100%
Source Step = 100%
Source Step = 100%
Source Step = 100%
Source Step = 100%
Source Step = 100%
Source Step = 100%
Source Step = 100%
Source Step = 100%
Source Step = 100%
Source Step = 100%
Source Step = 100%
Source Step = 100%
Source Step = 100%
Source Step = 100%
Source Step = 100%
Source Step = 100%
Source Step = 100%
Source Step = 100%
Source Step = 100%
Source Step = 100%
Source Step = 100%
Source Step = 100%
Source Step = 100%
Source Step = 100%
Source Step = 100%
Source Step = 100%
Source Step = 100%
Source Step = 100%
Source Step = 100%
Source Step = 100%
Source Step = 100%
Source Step = 100%
Source Step = 100%
Source Step = 100%
Source Step = 100%
Source Step = 100%
Source Step = 100%
Source Step = 100%
Source Step = 100%
Source Step = 100%
Source Step = 100%
Source Step = 100%
Source Step = 100%
Source Step = 100%
Source Step = 100%
Source Step = 100%
Source Step = 100%
Source Step = 100%
Source Step = 100%
Source Step = 100%
Source Step = 100%
Source Step = 100%
Source Step = 100%
Source Step = 100%
Source Step = 100%
Source Step = 100%
Source Step = 100%
Source Step = 100%
Source Step = 100%
Source Step = 100%
Source Step = 100%
Source Step = 100%
Source Step = 100%
Source Step = 100%
Source Step = 100%
Source Step = 100%
Source Step = 100%
Source Step = 100%
Source Step = 100%
Source Step = 100%
Source Step = 100%
Source Step = 100%
Source Step = 100%
Source Step = 100%
Source Step = 100%
Source Step = 100%
Source Step = 100%
Source Step = 100%
Source Step = 100%
Source Step = 100%
Source Step = 100%
Source Step = 100%
Source Step = 100%
Source Step = 100%
Source Step = 100%
Source Step = 100%
Source Step = 100%
Source Step = 100%
Source Step = 100%
Source Step = 100%
Source Step = 100%
Source Step = 100%
Source Step = 100%
Source Step = 100%
Source Step = 100%
Source Step = 100%
Source Step = 100%
Source Step = 100%
Source Step = 100%
Source Step = 100%
Source Step = 100%
Source Step = 100%
Source Step = 100%
Source Step = 100%
Source Step = 100%
Source Step = 100%
Source Step = 100%
Source Step = 100%
Source Step = 100%
Source Step = 100%
Source Step = 100%
Source Step = 100%
Source Step = 100%
Source Step = 100%
Source Step = 100%
Source Step = 100%
Source Step = 100%
Source Step = 100%
Source Step = 100%
Source Step = 100%
Source Step = 100%
Source Step = 100%
Source Step = 100%
Source Step = 100%
Source Step = 100%
Source Step = 100%
Source Step = 100%
Source Step = 100%
Source Step = 100%
Source Step = 100%
Source Step = 100%
Source Step = 100%
Source Step = 100%
Source Step = 100%
Source Step = 100%
Source Step = 100%
Source Step = 100%
Source Step = 100%
Source Step = 100%
Source Step = 100%
Source Step = 100%
Source Step = 100%
Source Step = 100%
Source Step = 100%
Source Step = 100%
Source Step = 100%
Source Step = 100%
Source Step = 100%
Source Step = 100%
Source Step = 100%
Source Step = 100%
Source Step = 100%
Source Step = 100%
Source Step = 100%
Source Step = 100%
Source Step = 100%
Source Step = 100%
Source Step = 100%
Source Step = 100%
Source Step = 100%
Source Step = 100%
Source Step = 100%
Source Step = 100%
Source Step = 100%
Source Step = 100%
Source Step = 100%
Source Step = 100%
Source Step = 100%
Source Step = 100%
Source Step = 100%
Source Step = 100%
Source Step = 100%
Source Step = 100%
Source Step = 100%
Source Step = 100%
Source Step = 100%
Source Step = 100%
Source Step = 100%
Source Step = 100%
Source Step = 100%
Source Step = 100%
Source Step = 100%
Source Step = 100%
Source Step = 100%
Source Step = 100%
Source Step = 100%
Source Step = 100%
Source Step = 100%
Source Step = 100%
Source Step = 100%
Source Step = 100%
Source Step = 100%
Source Step = 100%
Source Step = 100%
Source Step = 100%
Source Step = 100%
Source Step = 100%
Source Step = 100%
Source Step = 100%
Source Step = 100%
Source Step = 100%
Source Step = 100%
Source Step = 100%
Source Step = 100%
Source Step = 100%
Source Step = 100%
Source Step = 100%
Source Step = 100%
Source Step = 100%
Source Step = 100%
Source Step = 100%
Source Step = 100%
Source Step = 100%
Source Step = 100%
Source Step = 100%
Source Step = 100%
Source Step = 100%
Source Step = 100%
Source Step = 100%
Source Step = 100%
Source Step = 100%
Source Step = 100%
Source Step = 100%
Source Step = 100%
Source Step = 100%
Source Step = 100%
Source Step = 100%
Source Step = 100%
Source Step = 100%
Source Step = 100%
Source Step = 100%
Source Step = 100%
Source Step = 100%
Source Step = 100%
Source Step = 100%
Source Step = 100%
Source Step = 100%
Source Step = 100%
Source Step = 100%
Source Step = 100%
Source Step = 100%
Source Step = 100%
Source Step = 100%
Source Step = 100%
Source Step = 100%
Source Step = 100%
Source Step = 100%
Source Step = 100%
Source Step = 100%
Source Step = 100%
Source Step = 100%
Source Step = 100%
Source Step = 100%
Source Step = 100%
Source Step = 100%
Source Step = 100%
Source Step = 100%
Source Step = 100%
Source Step = 100%
Source Step = 100%
Source Step = 100%
Source Step = 100%
Source Step = 100%
Source Step = 100%
Source Step = 100%
Source Step = 100%
Source Step = 100%
Source Step = 100%
Source Step = 100%
Source Step = 100%
Source Step = 100%
Source Step = 100%
Source Step = 100%
Source Step = 100%
Source Step = 100%
Source Step = 100%
Source Step = 100%
Source Step = 100%
Source Step = 100%
Source Step = 100%
Source Step = 100%
Source Step = 100%
Source Step = 100%
Source Step = 100%
Source Step = 100%
Source Step = 100%
Source Step = 100%
Source Step = 100%
Source Step = 100%
Source Step = 100%
Source Step = 100%
Source Step = 100%
Source Step = 100%
Source Step = 100%
Source Step = 100%
Source Step = 100%
Source Step = 100%
Source Step = 100%
Source Step = 100%
Source Step = 100%
Source Step = 100%
Source Step = 100%
Source Step = 100%
Source Step = 100%
Source Step = 100%
Source Step = 100%
Source Step = 100%
Source Step = 100%
Source Step = 100%
Source Step = 100%
Source Step = 100%
Source Step = 100%
Source Step = 100%
Source Step = 100%
Source Step = 100%
Source Step = 100%
Source Step = 100%
Source Step = 100%
Source Step = 100%
Source Step = 100%
Source Step = 100%
Source Step = 100%
Source Step = 100%
Source Step = 100%
Source Step = 100%
Source Step = 100%
Source Step = 100%
Source Step = 100%
Source Step = 100%
Source Step = 100%
Source Step = 100%
Source Step = 100%
Source Step = 100%
Source Step = 100%
Source Step = 100%
Source Step = 100%
Source Step = 100%
Source Step = 100%
Source Step = 100%
Source Step = 100%
Source Step = 100%
Source Step = 100%
Source Step = 100%
Source Step = 100%
Source Step = 100%
Source Step = 100%
Source Step = 100%
Source Step = 100%
Source Step = 100%
Source Step = 100%
Source Step = 100%
Source Step = 100%
Source Step = 100%
Source Step = 100%
Source Step = 100%
Source Step = 100%
Source Step = 100%
Source Step = 100%
Source Step = 100%
Source Step = 100%
Source Step = 100%
Source Step = 100%
Source Step = 100%
Source Step = 100%
Source Step = 100%
Source Step = 100%
Source Step = 100%
Source Step = 100%
Source Step = 100%
Source Step = 100%
Source Step = 100%
Source Step = 100%
Source Step = 100%
Source Step = 100%
Source Step = 100%
Source Step = 100%
Source Step = 100%
Source Step = 100%
Source Step = 100%
Source Step = 100%
Source Step = 100%
Source Step = 100%
Source Step = 100%
Source Step = 100%
Source Step = 100%
Source Step = 100%
Source Step = 100%
Source Step = 100%
Source Step = 100%
Source Step = 100%
Source Step = 100%
Source Step = 100%
Source Step = 100%
Source Step = 100%
Source Step = 100%
Source Step = 100%
Source Step = 100%
Source Step = 100%
Source Step = 100%
Source Step = 100%
Source Step = 100%
Source Step = 100%
Source Step = 100%
Source Step = 100%
Source Step = 100%
Source Step = 100%
Source Step = 100%
Source Step = 100%
Source Step = 100%
Source Step = 100%
Source Step = 100%
Source Step = 100%
Source Step = 100%
Source Step = 100%
Source Step = 100%
Source Step = 100%
Source Step = 100%
Source Step = 100%
Source Step = 100%
Source Step = 100%
Source Step = 100%
Source Step = 100%
Source Step = 100%
Source Step = 100%
Source Step = 100%
Source Step = 100%
Source Step = 100%
Source Step = 100%
Source Step = 100%
Source Step = 100%
Source Step = 100%
Source Step = 100%
Source Step = 100%
Source Step = 100%
Source Step = 100%
Source Step = 100%
Source Step = 100%
Source Step = 100%
Source Step = 100%
Source Step = 100%
Source Step = 100%
Source Step = 100%
Source Step = 100%
Source Step = 100%
Source Step = 100%
Source Step = 100%
Source Step = 100%
Source Step = 100%
Source Step = 100%
Source Step = 100%
Source Step = 100%
Source Step = 100%
Source Step = 100%
Source Step = 100%
Source Step = 100%
Source Step = 100%
Source Step = 100%
Source Step = 100%
Source Step = 100%
Source Step = 100%
Source Step = 100%
Source Step = 100%
Source Step = 100%
Source Step = 100%
Source Step = 100%
Source Step = 100%
Source Step = 100%
Source Step = 100%
Source Step = 100%
Source Step = 100%
Source Step = 100%
Source Step = 100%
Source Step = 100%
Source Step = 100%
Source Step = 100%
Source Step = 100%
Source Step = 100%
Source Step = 100%
Source Step = 100%
Source Step = 100%
Source Step = 100%
Source Step = 100%
Source Step = 100%
Source Step = 100%
Source Step = 100%
Source Step = 100%
Source Step = 100%
Source Step = 100%
Source Step = 100%
Source Step = 100%
Source Step = 100%
Source Step = 100%
Source Step = 100%
Source Step = 100%
Source Step = 100%
Source Step = 100%
Source Step = 100%
Source Step = 100%
Source Step = 100%
Source Step = 100%
Source Step = 100%
Source Step = 100%
Source Step = 100%
Source Step = 100%
Source Step = 100%
Source Step = 100%
Source Step = 100%
Source Step = 100%
Source Step = 100%
Source Step = 100%
Source Step = 100%
Source Step = 100%
Source Step = 100%
Source Step = 100%
Source Step = 100%
Source Step = 100%
Source Step = 100%
Source Step = 100%
Source Step = 100%
Source Step = 100%
Source Step = 100%
Source Step = 100%
Source Step = 100%
Source Step = 100%
Source Step = 100%
Source Step = 100%
Source Step = 100%
Source Step = 100%
Source Step = 100%
Source Step = 100%
Source Step = 100%
Source Step = 100%
Source Step = 100%
Source Step = 100%
Source Step = 100%
Source Step = 100%
Source Step = 100%
Source Step = 100%
Source Step = 100%
Source Step = 100%
Source Step = 100%
Source Step = 100%
Source Step = 100%
Source Step = 100%
Source Step = 100%
Source Step = 100%
Source Step = 100%
Source Step = 100%
Source Step = 100%
Source Step = 100%
Source Step = 100%
Source Step = 100%
Source Step = 100%
Source Step = 100%
Source Step = 100%
Source Step = 100%
Source Step = 100%
Source Step = 100%
Source Step = 100%
Source Step = 100%
Source Step = 100%
Source Step = 100%
Source Step = 100%
Source Step = 100%
Source Step = 100%
Source Step = 100%
Source Step = 100%
Source Step = 100%
Source Step = 100%
Source Step = 100%
Source Step = 100%
Source Step = 100%
Source Step = 100%
Source Step = 100%
Source Step = 100%
Source Step = 100%
Source Step = 100%
Source Step = 100%
Source Step = 100%
Source Step = 100%
Source Step = 100%
Source Step = 100%
Source Step = 100%
Source Step = 100%
Source Step = 100%
Source Step = 100%
Source Step = 100%
Source Step = 100%
Source Step = 100%
Source Step = 100%
Source Step = 100%
Source Step = 100%
Source Step = 100%
Source Step = 100%
Source Step = 100%
Source Step = 100%
Source Step = 100%
Source Step = 100%
Source Step = 100%
Source Step = 100%
Source Step = 100%
Source Step = 100%
Source Step = 100%
Source Step = 100%
Source Step = 100%
Source Step = 100%
Source Step = 100%
Source Step = 100%
Source Step = 100%
Source Step = 100%
Source Step = 100%
Source Step = 100%
Source Step = 100%
Source Step = 100%
Source Step = 100%
Source Step = 100%
Source Step = 100%
Source Step = 100%
Source Step = 100%
Source Step = 100%
Source Step = 100%
Source Step = 100%
Source Step = 100%
Source Step = 100%
Source Step = 100%
Source Step = 100%
Source Step = 100%
Source Step = 100%
Source Step = 100%
Source Step = 100%
Source Step = 100%
Source Step = 100%
Source Step = 100%
Source Step = 100%
Source Step = 100%
Source Step = 100%
Source Step = 100%
Source Step = 100%
Source Step = 100%
Source Step = 100%
Source Step = 100%
Source Step = 100%
Source Step = 100%
Source Step = 100%
Source Step = 100%
Source Step = 100%
Source Step = 100%
Source Step = 100%
Source Step = 100%
Source Step = 100%
Source Step = 100%
Source Step = 100%
Source Step = 100%
Source Step = 100%
Source Step = 100%
Source Step = 100%
Source Step = 100%
Source Step = 100%
Source Step = 100%
Source Step = 100%
Source Step = 100%
Source Step = 100%
Source Step = 100%
Source Step = 100%
Source Step = 100%
Source Step = 100%
Source Step = 100%
Source Step = 100%
Source Step = 100%
Source Step = 100%
Source Step = 100%
Source Step = 100%
Source Step = 100%
Source Step = 100%
Source Step = 100%
Source Step = 100%
Source Step = 100%
Source Step = 100%
Source Step = 100%
Source Step = 100%
Source Step = 100%
Source Step = 100%
Source Step = 100%
Source Step = 100%
Source Step = 100%
Source Step = 100%
Source Step = 100%
Source Step = 100%
Source Step = 100%
Source Step = 100%
Source Step = 100%
Source Step = 100%
Source Step = 100%
Source Step = 100%
Source Step = 100%
Source Step = 100%
Source Step = 100%
Source Step = 100%
Source Step = 100%
Source Step = 100%
Source Step = 100%
Source Step = 100%
Source Step = 100%
Source Step = 100%
Source Step = 100%
Source Step = 100%
Source Step = 100%
Source Step = 100%
Source Step = 100%
Source Step = 100%
Source Step = 100%
Source Step = 100%
Source Step = 100%
Source Step = 100%
Source Step = 100%
Source Step = 100%
Source Step = 100%
Source Step = 100%
Source Step = 100%
Source Step = 100%
Source Step = 100%
Source Step = 100%
Source Step = 100%
Source Step = 100%
Source Step = 100%
Source Step = 100%
Source Step = 100%
Source Step = 100%
Source Step = 100%
Source Step = 100%
Source Step = 100%
Source Step = 100%
Source Step = 100%
Source Step = 100%
Source Step = 100%
Source Step = 100%
Source Step = 100%
Source Step = 100%
Source Step = 100%
Source Step = 100%
Source Step = 100%
Source Step = 100%
Source Step = 100%
Source Step = 100%
Source Step = 100%
Source Step = 100%
Source Step = 100%
Source Step = 100%
Source Step = 100%
Source Step = 100%
Source Step = 100%
Source Step = 100%
Source Step = 100%
Source Step = 100%
Source Step = 100%
Source Step = 100%
Source Step = 100%
Source Step = 100%
Source Step = 100%
Source Step = 100%
Source Step = 100%
Source Step = 100%
Source Step = 100%
Source Step = 100%
Source Step = 100%
Source Step = 100%
Source Step = 100%
Source Step = 100%
Source Step = 100%
Source Step = 100%
Source Step = 100%
Source Step = 100%
Source Step = 100%
Source Step = 100%
Source Step = 100%
Source Step = 100%
Source Step = 100%
Source Step = 100%
Source Step = 100%
Source Step = 100%
Source Step = 100%
Source Step = 100%
Source Step = 100%
Source Step = 100%
Source Step = 100%
Source Step = 100%
Source Step = 100%
Source Step = 100%
Source Step = 100%
Source Step = 100%
Source Step = 100%
Source Step = 100%
Source Step = 100%
Source Step = 100%
Source Step = 100%
Source Step = 100%
Source Step = 100%
Source Step = 100%
Source Step = 100%
Source Step = 100%
Source Step = 100%
Source Step = 100%
Source Step = 100%
Source Step = 100%
Source Step = 100%
Source Step = 100%
Source Step = 100%
Source Step = 100%
Source Step = 100%
Source Step = 100%
Source Step = 100%
Source Step = 100%
Source Step = 100%
Source Step = 100%
Source Step = 100%
Source Step = 100%
Source Step = 100%
Source Step = 100%
Source Step = 100%
Source Step = 100%
Source Step = 100%
Source Step = 100%
Source Step = 100%
Source Step = 100%
Source Step = 100%
Source Step = 100%
Source Step = 100%
Source Step = 100%
Source Step = 100%
Source Step = 100%
Source Step = 100%
Source Step = 100%
Source Step = 100%
Source Step = 100%
Source Step = 100%
Source Step = 100%
Source Step = 100%
Source Step = 100%
Source Step = 100%
Source Step = 100%
Source Step = 100%
Source Step = 100%
Source Step = 100%
Source Step = 100%
Source Step = 100%
Source Step = 100%
Source Step = 100%
Source Step = 100%
Source Step = 100%
Source Step = 100%
Source Step = 100%
Source Step = 100%
Source Step = 100%
Source Step = 100%
Source Step = 100%
Source Step = 100%
Source Step = 100%
Source Step = 100%
Source Step = 100%
Source Step = 100%
Source Step = 100%
Source Step = 100%
Source Step = 100%
Source Step = 100%
Source Step = 100%
Source Step = 100%
Source Step = 100%
Source Step = 100%
Source Step = 100%
Source Step = 100%
Source Step = 100%
Source Step = 100%
Source Step = 100%
Source Step = 100%
Source Step = 100%
Source Step = 100%
Source Step = 100%
Source Step = 100%
Source Step = 100%
Source Step = 100%
Source Step = 100%
Source Step = 100%
Source Step = 100%
Source Step = 100%
Source Step = 100%
Source Step = 100%
Source Step = 100%
Source Step = 100%
Source Step = 100%
Source Step = 100%
Source Step = 100%
Source Step = 100%
Source Step = 100%
Source Step = 100%
Source Step = 100%
Source Step = 100%
Source Step = 100%
Source Step = 100%
Source Step = 100%
Source Step = 100%
Source Step = 100%
Source Step = 100%
Source Step = 100%
Source Step = 100%
Source Step = 100%
Source Step = 100%
Source Step = 100%
Source Step = 100%
Source Step = 100%
Source Step = 100%
Source Step = 100%
Source Step = 100%
Source Step = 100%
Source Step = 100%
Source Step = 100%
Source Step = 100%
Source Step = 100%
Source Step = 100%
Source Step = 100%
Source Step = 100%
Source Step = 100%
Source Step = 100%
Source Step = 100%
Source Step = 100%
Source Step = 100%
Source Step = 100%
Source Step = 100%
Source Step = 100%
Source Step = 100%
Source Step = 100%
Source Step = 100%
Source Step = 100%
Source Step = 100%
Source Step = 100%
Source Step = 100%
Source Step = 100%
Source Step = 100%
Source Step = 100%
Trouble finding operating point....skipping operating point for Transient analysis.
