LTspice 24.0.12 for Windows
Circuit: * C:\Project\Working\HV\References\Simulation files\Simulation files\Laser_Driver.asc
Start Time: Fri Jun 27 07:49:28 2025
solver = Normal
Maximum thread count: 32
tnom = 27
temp = 27
method = modified trap
Early termination of direct N-R iteration.
Direct Newton iteration failed to find .op point.  (Use ".option noopiter" to skip.)
Starting Gmin stepping
Gmin = 10
Gmin = 1.07374
vernier = 0.5
vernier = 0.25
vernier = 0.125
Gmin = 1.02385
vernier = 0.0625
vernier = 0.03125
vernier = 0.015625
Gmin = 1.01955
vernier = 0.0078125
vernier = 0.00390625
Gmin = 1.0126
vernier = 0.00195312
vernier = 0.00260417
vernier = 0.00130208
Gmin = 1.00915
vernier = 0.00173611
vernier = 0.000868055
Gmin = 1.00685
vernier = 0.00115741
vernier = 0.000578703
Gmin = 1.0054
vernier = 0.000771604
vernier = 0.000578703
vernier = 0.000771604
Gmin = 1.00409
vernier = 0.000578703
vernier = 0.000434027
vernier = 0.000578703
vernier = 0.000434027
Gmin = 1.00374
Gmin = 0
Gmin stepping failed

Starting source stepping with srcstepmethod=0
Source Step = 3.0303%
Source Step = 21.2595%
vernier = 0.00390625
Source Step = 21.2388%
Source Step = 21.2683%
Source Step = 21.2979%
Source Step = 21.3275%
Source Step = 21.3571%
vernier = 0.00146484
Source Step = 21.3926%
Source Step = 21.437%
Source Step = 21.4814%
Source Step = 21.5258%
Source Step = 21.5702%
vernier = 0.00219727
Source Step = 21.6212%
Source Step = 21.6878%
Source Step = 21.7544%
Source Step = 21.821%
Source Step = 21.8876%
vernier = 0.0032959
Source Step = 21.9608%
Source Step = 22.0607%
Source Step = 22.1606%
Source Step = 22.2604%
Source Step = 22.3603%
vernier = 0.00494385
Source Step = 22.4652%
Source Step = 22.615%
Source Step = 22.7648%
Source Step = 22.9146%
Source Step = 23.0644%
Source Step = 23.2143%
vernier = 0.00741577
Source Step = 23.439%
Source Step = 23.6637%
Source Step = 23.8884%
Source Step = 24.1131%
Source Step = 24.3379%
vernier = 0.0111237
Source Step = 24.6637%
Source Step = 25.0008%
Source Step = 25.3379%
Source Step = 25.6749%
Source Step = 26.012%
vernier = 0.0166855
Source Step = 26.4839%
Source Step = 26.9896%
Source Step = 27.4952%
Source Step = 28.0008%
Source Step = 28.5064%
vernier = 0.0250282
Source Step = 29.189%
Source Step = 29.9474%
Source Step = 30.7059%
Source Step = 31.4643%
Source Step = 32.2227%
vernier = 0.0375423
Source Step = 33.2087%
Source Step = 34.3463%
Source Step = 35.484%
Source Step = 36.6216%
Source Step = 37.7593%
vernier = 0.0563135
Source Step = 39.1813%
Source Step = 40.8878%
Source Step = 42.5943%
Source Step = 44.3008%
Source Step = 46.0072%
vernier = 0.0844703
Source Step = 48.055%
Source Step = 50.6147%
Source Step = 53.1744%
Source Step = 55.7341%
Source Step = 58.2938%
vernier = 0.126705
Source Step = 61.2375%
Source Step = 65.077%
Source Step = 68.9166%
Source Step = 72.7561%
Source Step = 76.5957%
vernier = 0.190058
Source Step = 80.8192%
Source Step = 86.5786%
Source Step = 92.3379%
Source Step = 98.0972%
Source Step = 100%
Source stepping succeeded in finding the operating point.

Total elapsed time: 124518.078 seconds.

