LTspice 24.0.12 for Windows
Circuit: * C:\Project\Working\HV\References\Simulation files\Simulation files\Lever_shifter.asc
Start Time: Thu Aug 28 08:38:32 2025
solver = Normal
Maximum thread count: 32
tnom = 27
temp = 27
method = modified trap
Direct Newton iteration failed to find .op point.  (Use ".option noopiter" to skip.)
Starting Gmin stepping
Gmin = 10
Gmin = 1.07374
vernier = 0.5
vernier = 0.25
vernier = 0.125
Gmin = 1.02385
vernier = 0.0625
vernier = 0.03125
vernier = 0.015625
Gmin = 1.01955
vernier = 0.0078125
vernier = 0.00390625
Gmin = 1.0126
vernier = 0.00195312
vernier = 0.00260417
vernier = 0.00130208
Gmin = 1.00915
vernier = 0.00173611
vernier = 0.000868055
Gmin = 1.00685
vernier = 0.00115741
vernier = 0.000578703
Gmin = 1.0054
vernier = 0.000771604
vernier = 0.000578703
vernier = 0.000771604
Gmin = 1.00409
vernier = 0.000578703
vernier = 0.000434027
vernier = 0.000578703
vernier = 0.000434027
Gmin = 1.00374
Gmin = 0
Gmin stepping failed

Starting source stepping with srcstepmethod=0
Source Step = 3.0303%
Source Step = 33.3333%
Source Step = 63.6364%
Source Step = 93.9394%
Source stepping succeeded in finding the operating point.

Total elapsed time: 0.209 seconds.

