LTspice 24.0.12 for Windows
Circuit: * C:\Project\Working\HV\References\HV_Reg_Negative 4.asc
Start Time: Sat May  3 18:51:37 2025
Warning: Multiple definitions of model "2scr375p" Type: BJT
Warning: Multiple definitions of model "bc857b" Type: BJT
Warning: Multiple definitions of model "bc847c" Type: BJT
Warning: Multiple definitions of model "bc847b" Type: BJT
solver = Normal
Maximum thread count: 32
tnom = 27
temp = 27
method = modified trap
WARNING: Node NC_03 is floating.
WARNING: Node NC_05 is floating.
WARNING: Node NC_07 is floating.
WARNING: Node NC_09 is floating.

WARNING: Less than two connections to node nc_01.  This node is used by r1.
WARNING: Less than two connections to node nc_02.  This node is used by v4.
WARNING: Less than two connections to node nc_03.  This node is used by v4.
WARNING: Less than two connections to node nc_04.  This node is used by r5.
WARNING: Less than two connections to node nc_05.  This node is used by r5.
WARNING: Less than two connections to node nc_06.  This node is used by v5.
WARNING: Less than two connections to node nc_07.  This node is used by v5.
WARNING: Less than two connections to node nc_08.  This node is used by v1.
WARNING: Less than two connections to node nc_09.  This node is used by v1.
Direct Newton iteration for .op point succeeded.
Total elapsed time: 0.536 seconds.

